// Jest Snapshot v1, https://goo.gl/fbAQLP

exports[`should render ExpenseList with expenses 1`] = `
<div>
  <ExpenseListItem
    amount={195}
    createdAt={0}
    description="Gum"
    id="1"
    key="1"
    note=""
  />
  <ExpenseListItem
    amount={195400}
    createdAt={-345600000}
    description="Rent"
    id="2"
    key="2"
    note=""
  />
  <ExpenseListItem
    amount={300}
    createdAt={345600000}
    description="Gum"
    id="3"
    key="3"
    note=""
  />
</div>
`;

exports[`should render ExpenseList without any expenses 1`] = `
<div>
  <p>
    No expenses added
  </p>
</div>
`;
